cp Smarty-3.0.7/libs/plugins/block.fis_widget.php             Smarty-3.1.5/plugins
cp Smarty-3.0.7/libs/plugins/block.fis_widget_inline.php  Smarty-3.1.5/plugins
cp Smarty-3.0.7/libs/plugins/block.widget_block.php  Smarty-3.1.5/plugins
cp Smarty-3.0.7/libs/plugins/compiler.pagelet.php  Smarty-3.1.5/plugins
cp Smarty-3.0.7/libs/plugins/compiler.pagelet_page.php  Smarty-3.1.5/plugins
cp Smarty-3.0.7/libs/plugins/compiler.pagelet_script.php  Smarty-3.1.5/plugins
cp Smarty-3.0.7/libs/plugins/compiler.pagelet_title.php  Smarty-3.1.5/plugins
cp Smarty-3.0.7/libs/plugins/function.append_path_info.php  Smarty-3.1.5/plugins
cp Smarty-3.0.7/libs/plugins/function.fis_manifest.php  Smarty-3.1.5/plugins
cp Smarty-3.0.7/libs/plugins/function.fis_require.php  Smarty-3.1.5/plugins
cp Smarty-3.0.7/libs/plugins/function.http_header.php  Smarty-3.1.5/plugins
cp Smarty-3.0.7/libs/plugins/function.widget.php  Smarty-3.1.5/plugins
cp Smarty-3.0.7/libs/plugins/modifier.f_escape_callback.php  Smarty-3.1.5/plugins
cp Smarty-3.0.7/libs/plugins/modifier.f_escape_data.php  Smarty-3.1.5/plugins
cp Smarty-3.0.7/libs/plugins/modifier.f_escape_event.php  Smarty-3.1.5/plugins
cp Smarty-3.0.7/libs/plugins/modifier.f_escape_js.php  Smarty-3.1.5/plugins
cp Smarty-3.0.7/libs/plugins/modifier.f_escape_path.php  Smarty-3.1.5/plugins
cp Smarty-3.0.7/libs/plugins/modifier.f_escape_xml.php  Smarty-3.1.5/plugins
